<?xml version="1.0" encoding="utf-8"?><testsuites name="pytest tests"><testsuite name="pytest" errors="0" failures="0" skipped="0" tests="14" time="1.112" timestamp="2026-03-14T15:51:38.405785+00:00" hostname="codespaces-7c012c"><testcase classname="tests.test_spake2plus" name="test_p256" time="0.062" /><testcase classname="tests.test_spake2plus" name="test_p256_2" time="0.053" /><testcase classname="tests.test_spake2plus" name="test_p384" time="0.113" /><testcase classname="tests.test_spake2plus" name="test_p384_2" time="0.111" /><testcase classname="tests.test_spake2plus" name="test_p521" time="0.222" /><testcase classname="tests.test_spake2plus" name="test_edwards25519" time="0.035" /><testcase classname="tests.test_spake2plus" name="test_edwards448" time="0.108" /><testcase classname="tests.test_spake2plus" name="test_random_nist_curve" time="0.068" /><testcase classname="tests.test_spake2plus" name="test_random_edwards25519" time="0.034" /><testcase classname="tests.test_spake2plus" name="test_random_edwards448" time="0.106" /><testcase classname="tests.test_spake2plus" name="test_incorrect_message" time="0.012" /><testcase classname="tests.test_spake2plus" name="test_incorrect_message2" time="0.030" /><testcase classname="tests.test_spake2plus" name="test_incorrect_message3" time="0.053" /><testcase classname="tests.test_spake2plus" name="test_incorrect_message4" time="0.050" /></testsuite></testsuites>